{"level":"info","message":"Found 4 migration file(s)","timestamp":"2026-07-17T08:17:31.183Z","count":4}
{"level":"info","message":"Applying migration 000_bootstrap","timestamp":"2026-07-17T08:17:31.207Z","version":"000_bootstrap","file":"000_bootstrap.sql"}
{"level":"info","message":"Applying migration 001_initial","timestamp":"2026-07-17T08:17:31.213Z","version":"001_initial","file":"001_initial.sql"}
{"level":"info","message":"Applying migration user_management_001_users","timestamp":"2026-07-17T08:17:31.216Z","version":"user_management_001_users","file":"001_users.sql"}
{"level":"info","message":"Applying migration user_management_002_password_resets","timestamp":"2026-07-17T08:17:31.217Z","version":"user_management_002_password_resets","file":"002_password_resets.sql"}
{"level":"info","message":"Applied 4 new migration(s)","timestamp":"2026-07-17T08:17:31.218Z","versions":["000_bootstrap","001_initial","user_management_001_users","user_management_002_password_resets"]}
{"level":"info","message":"Validated module \"system_health\"","timestamp":"2026-07-17T08:17:31.244Z","module":"system_health"}
{"level":"info","message":"Validated module \"user_management\"","timestamp":"2026-07-17T08:17:31.257Z","module":"user_management"}
{"level":"info","message":"Validated module \"system_health\"","timestamp":"2026-07-17T08:17:31.262Z","module":"system_health"}
{"level":"info","message":"Registering module \"system_health\"","timestamp":"2026-07-17T08:17:31.262Z","module":"system_health"}
{"level":"info","message":"Registered module \"system_health\"","timestamp":"2026-07-17T08:17:31.266Z","module":"system_health"}
{"level":"info","message":"Validated module \"system_health\"","timestamp":"2026-07-17T08:17:31.272Z","module":"system_health"}
{"level":"info","message":"Validated module \"user_management\"","timestamp":"2026-07-17T08:17:31.272Z","module":"user_management"}
{"level":"info","message":"Registering module \"system_health\"","timestamp":"2026-07-17T08:17:31.272Z","module":"system_health"}
{"level":"info","message":"Registered module \"system_health\"","timestamp":"2026-07-17T08:17:31.276Z","module":"system_health"}
{"level":"info","message":"Registering module \"user_management\"","timestamp":"2026-07-17T08:17:31.276Z","module":"user_management"}
{"level":"info","message":"Registered module \"user_management\"","timestamp":"2026-07-17T08:17:31.283Z","module":"user_management"}
{"level":"info","message":"Validated module \"system_health\"","timestamp":"2026-07-17T08:17:31.288Z","module":"system_health"}
{"level":"info","message":"Validated module \"user_management\"","timestamp":"2026-07-17T08:17:31.288Z","module":"user_management"}
{"level":"info","message":"Registering module \"system_health\"","timestamp":"2026-07-17T08:17:31.288Z","module":"system_health"}
{"level":"info","message":"Registered module \"system_health\"","timestamp":"2026-07-17T08:17:31.290Z","module":"system_health"}
{"level":"info","message":"Registering module \"user_management\"","timestamp":"2026-07-17T08:17:31.290Z","module":"user_management"}
{"level":"info","message":"Registered module \"user_management\"","timestamp":"2026-07-17T08:17:31.295Z","module":"user_management"}
{"level":"info","message":"Wiring module \"system_health\"","timestamp":"2026-07-17T08:17:31.296Z","module":"system_health"}
{"level":"info","message":"Wired module \"system_health\"","timestamp":"2026-07-17T08:17:31.296Z","module":"system_health"}
{"level":"info","message":"Validated module \"system_health\"","timestamp":"2026-07-17T08:17:31.301Z","module":"system_health"}
{"level":"info","message":"Registering module \"system_health\"","timestamp":"2026-07-17T08:17:31.301Z","module":"system_health"}
{"level":"info","message":"Registered module \"system_health\"","timestamp":"2026-07-17T08:17:31.304Z","module":"system_health"}
{"level":"info","message":"Wiring module \"system_health\"","timestamp":"2026-07-17T08:17:31.304Z","module":"system_health"}
{"level":"info","message":"Wired module \"system_health\"","timestamp":"2026-07-17T08:17:31.304Z","module":"system_health"}
{"level":"info","message":"Unstaging module \"system_health\"","timestamp":"2026-07-17T08:17:31.304Z","module":"system_health"}
{"level":"info","message":"Module \"system_health\" unstaged","timestamp":"2026-07-17T08:17:31.307Z","module":"system_health"}
{"level":"info","message":"Validated module \"system_health\"","timestamp":"2026-07-17T08:17:31.311Z","module":"system_health"}
{"level":"info","message":"Validated module \"user_management\"","timestamp":"2026-07-17T08:17:31.311Z","module":"user_management"}
{"level":"info","message":"Registering module \"system_health\"","timestamp":"2026-07-17T08:17:31.311Z","module":"system_health"}
{"level":"info","message":"Registered module \"system_health\"","timestamp":"2026-07-17T08:17:31.313Z","module":"system_health"}
{"level":"info","message":"Registering module \"user_management\"","timestamp":"2026-07-17T08:17:31.313Z","module":"user_management"}
{"level":"info","message":"Registered module \"user_management\"","timestamp":"2026-07-17T08:17:31.318Z","module":"user_management"}
{"level":"info","message":"Wiring module \"system_health\"","timestamp":"2026-07-17T08:17:31.318Z","module":"system_health"}
{"level":"info","message":"Wired module \"system_health\"","timestamp":"2026-07-17T08:17:31.318Z","module":"system_health"}
{"level":"info","message":"Wiring module \"user_management\"","timestamp":"2026-07-17T08:17:31.318Z","module":"user_management"}
{"level":"info","message":"Wired module \"user_management\"","timestamp":"2026-07-17T08:17:31.319Z","module":"user_management"}
{"level":"info","message":"Unstaging module \"user_management\"","timestamp":"2026-07-17T08:17:31.331Z","module":"user_management"}
{"level":"info","message":"Module \"user_management\" unstaged","timestamp":"2026-07-17T08:17:31.335Z","module":"user_management"}
{"level":"info","message":"Unstaging module \"system_health\"","timestamp":"2026-07-17T08:17:31.335Z","module":"system_health"}
{"level":"info","message":"Module \"system_health\" unstaged","timestamp":"2026-07-17T08:17:31.337Z","module":"system_health"}
PASS tests/integration/staging/pipeline.test.js
  Staging Pipeline (Integration)
    discover
      ✓ should find modules in /modules directory (10 ms)
    validate
      ✓ should validate discovered modules without errors (24 ms)
    register
      ✓ should register module in all registries (9 ms)
    resolve
      ✓ should resolve dependencies for real modules (15 ms)
    wire
      ✓ should wire module with context containing services (13 ms)
    unstage
      ✓ should cleanly remove a module from all registries (8 ms)
    full pipeline (discover → validate → register → resolve → wire → unstage)
      ✓ should complete full staging lifecycle for all modules (29 ms)

{"level":"info","message":"Found 4 migration file(s)","timestamp":"2026-07-17T08:17:31.603Z","count":4}
{"level":"info","message":"Applying migration 000_bootstrap","timestamp":"2026-07-17T08:17:31.625Z","version":"000_bootstrap","file":"000_bootstrap.sql"}
{"level":"info","message":"Applying migration 001_initial","timestamp":"2026-07-17T08:17:31.630Z","version":"001_initial","file":"001_initial.sql"}
{"level":"info","message":"Applying migration user_management_001_users","timestamp":"2026-07-17T08:17:31.634Z","version":"user_management_001_users","file":"001_users.sql"}
{"level":"info","message":"Applying migration user_management_002_password_resets","timestamp":"2026-07-17T08:17:31.635Z","version":"user_management_002_password_resets","file":"002_password_resets.sql"}
{"level":"info","message":"Applied 4 new migration(s)","timestamp":"2026-07-17T08:17:31.636Z","versions":["000_bootstrap","001_initial","user_management_001_users","user_management_002_password_resets"]}
PASS tests/unit/services/auth.test.js
  AuthService
    issueToken / verifyToken
      ✓ should issue and verify a valid token (27 ms)
      ✓ should reject a tampered token (62 ms)
      ✓ should reject a revoked token (15 ms)
      ✓ should reject all tokens for a user after revokeAllUserTokens (20 ms)
    checkPerm
      ✓ should grant exact permission match (3 ms)
      ✓ should deny unmatched permission (3 ms)
      ✓ should grant with wildcard prefix (admin:*) (3 ms)
      ✓ should grant with full wildcard (*) (3 ms)
      ✓ should deny when no permissions (3 ms)

  console.error
    EventBus handler error on channel "error.channel": Handler error

      26 |       } catch (err) {
      27 |         // Error isolation — log and continue
    > 28 |         console.error(
         |                 ^
      29 |           `EventBus handler error on channel "${channel}":`,
      30 |           err.message
      31 |         );

      at EventBusImpl.error [as publish] (shared/services/events.js:28:17)
      at Object.publish (tests/unit/services/events.test.js:53:14)

PASS tests/unit/services/events.test.js
  EventBus
    publish/subscribe
      ✓ should deliver payload to subscriber (13 ms)
      ✓ should deliver to multiple subscribers (3 ms)
      ✓ should not deliver to unsubscribed handlers (4 ms)
      ✓ should silently ignore publish to empty channel (3 ms)
      ✓ should isolate errors — one failing handler should not block others (69 ms)
    request/reply
      ✓ should receive a reply within timeout (4 ms)
      ✓ should timeout when no responder replies (119 ms)

{"level":"info","message":"Found 4 migration file(s)","timestamp":"2026-07-17T08:17:32.638Z","count":4}
{"level":"info","message":"Applying migration 000_bootstrap","timestamp":"2026-07-17T08:17:32.661Z","version":"000_bootstrap","file":"000_bootstrap.sql"}
{"level":"info","message":"Applying migration 001_initial","timestamp":"2026-07-17T08:17:32.668Z","version":"001_initial","file":"001_initial.sql"}
{"level":"info","message":"Applying migration user_management_001_users","timestamp":"2026-07-17T08:17:32.672Z","version":"user_management_001_users","file":"001_users.sql"}
{"level":"info","message":"Applying migration user_management_002_password_resets","timestamp":"2026-07-17T08:17:32.674Z","version":"user_management_002_password_resets","file":"002_password_resets.sql"}
{"level":"info","message":"Applied 4 new migration(s)","timestamp":"2026-07-17T08:17:32.675Z","versions":["000_bootstrap","001_initial","user_management_001_users","user_management_002_password_resets"]}
PASS tests/unit/registries/registries.test.js
  Registries
    ModuleRegistry
      ✓ should register a module (10 ms)
      ✓ should list all modules (4 ms)
      ✓ should mark module as booted (4 ms)
      ✓ should deregister a module (5 ms)
    RouteRegistry
      ✓ should register a route (4 ms)
      ✓ should detect route conflicts (53 ms)
      ✓ should allow same path with different methods (4 ms)
    FunctionRegistry
      ✓ should register and retrieve a function (4 ms)
      ✓ should check if function exists (4 ms)
      ✓ should list functions by module (4 ms)
    CapabilityRegistry
      ✓ should register and check existence (5 ms)
      ✓ should detect capability conflicts (10 ms)
    DependencyGraph
      ✓ should add modules and compute boot order (6 ms)
      ✓ should detect circular dependencies (14 ms)
      ✓ should find missing dependencies (3 ms)
      ✓ should remove a module (4 ms)
    SchemaRegistry
      ✓ should register and check table ownership (6 ms)
      ✓ should get owner of a table (2 ms)
      ✓ should list tables by owner (2 ms)

PASS tests/unit/services/validate.test.js
  ValidationService
    validate
      ✓ should validate valid data against schema (15 ms)
      ✓ should reject invalid data with errors (6 ms)
      ✓ should reject missing required fields (2 ms)
      ✓ should return coerced data on success (2 ms)
    sanitize
      ✓ should strip HTML tags from strings (3 ms)
      ✓ should escape dangerous characters (2 ms)
      ✓ should sanitize recursively in objects (2 ms)
      ✓ should sanitize arrays (2 ms)
      ✓ should pass through numbers and booleans unchanged (3 ms)

{"level":"info","message":"Found 4 migration file(s)","timestamp":"2026-07-17T08:17:33.544Z","count":4}
{"level":"info","message":"Applying migration 000_bootstrap","timestamp":"2026-07-17T08:17:33.564Z","version":"000_bootstrap","file":"000_bootstrap.sql"}
{"level":"info","message":"Applying migration 001_initial","timestamp":"2026-07-17T08:17:33.570Z","version":"001_initial","file":"001_initial.sql"}
{"level":"info","message":"Applying migration user_management_001_users","timestamp":"2026-07-17T08:17:33.572Z","version":"user_management_001_users","file":"001_users.sql"}
{"level":"info","message":"Applying migration user_management_002_password_resets","timestamp":"2026-07-17T08:17:33.573Z","version":"user_management_002_password_resets","file":"002_password_resets.sql"}
{"level":"info","message":"Applied 4 new migration(s)","timestamp":"2026-07-17T08:17:33.574Z","versions":["000_bootstrap","001_initial","user_management_001_users","user_management_002_password_resets"]}
PASS tests/unit/services/db.test.js
  DBService
    query
      ✓ should execute CREATE TABLE (7 ms)
      ✓ should execute INSERT and return rowid (3 ms)
      ✓ should execute SELECT and return rows (4 ms)
      ✓ should execute UPDATE (2 ms)
      ✓ should execute DELETE (1 ms)
      ✓ should return empty rows for no results (1 ms)
    transaction
      ✓ should commit on success (3 ms)
      ✓ should rollback on error (29 ms)
    poolAcquire/poolRelease
      ✓ should acquire and release a connection (1 ms)

PASS tests/unit/services/cache.test.js
  CacheService
    get/set
      ✓ should store and retrieve a value (5 ms)
      ✓ should return null for missing key (2 ms)
      ✓ should overwrite existing key (1 ms)
      ✓ should store objects (3 ms)
      ✓ should store arrays (1 ms)
    TTL
      ✓ should expire after TTL (manual expiry check) (1 ms)
      ✓ should use default TTL when not specified (1 ms)
    LRU eviction
      ✓ should evict least recently used when at capacity (2 ms)
    invalidate
      ✓ should invalidate keys matching glob pattern (3 ms)
      ✓ should return 0 for no matches (2 ms)
      ✓ should support ? wildcard (2 ms)
    flush
      ✓ should clear all entries (2 ms)

Test Suites: 7 passed, 7 total
Tests:       72 passed, 72 total
Snapshots:   0 total
Time:        3.721 s
Ran all test suites.
Force exiting Jest: Have you considered using `--detectOpenHandles` to detect async operations that kept running after all tests finished?
