✓ Configuration verified: test - 07/08/2026, 09:54:24
{"level":"info","message":"=== Platform Boot Starting ===","timestamp":"2026-08-11T11:01:46.860Z"}
{"level":"info","message":"Services initialized","timestamp":"2026-08-11T11:01:46.860Z"}
{"level":"info","message":"SSE initialized","timestamp":"2026-08-11T11:01:46.860Z","interval":30000}
{"level":"info","message":"SSE service initialized","timestamp":"2026-08-11T11:01:46.860Z"}
{"level":"info","message":"Found 12 migration file(s)","timestamp":"2026-08-11T11:01:46.862Z","count":12}
{"level":"info","message":"Applied 0 new migration(s)","timestamp":"2026-08-11T11:01:46.867Z","versions":[]}
{"level":"info","message":"Table verification passed","timestamp":"2026-08-11T11:01:46.867Z","tables":45}
{"level":"info","message":"Migrations complete","timestamp":"2026-08-11T11:01:46.867Z"}
{"level":"info","message":"Registries cleared","timestamp":"2026-08-11T11:01:46.868Z"}
{"level":"info","message":"Discovered 9 module(s)","timestamp":"2026-08-11T11:01:46.869Z","modules":["builder","inventory","room_registry","school_analytics","staff_profile","staff_registry","student_profile","student_registry","test_composite"]}
{"level":"info","message":"Validated module \"builder\"","timestamp":"2026-08-11T11:01:46.871Z","module":"builder"}
{"level":"info","message":"Validated module \"inventory\"","timestamp":"2026-08-11T11:01:46.872Z","module":"inventory"}
{"level":"info","message":"Validated module \"room_registry\"","timestamp":"2026-08-11T11:01:46.873Z","module":"room_registry"}
{"level":"info","message":"Validated module \"school_analytics\"","timestamp":"2026-08-11T11:01:46.874Z","module":"school_analytics"}
{"level":"info","message":"Validated module \"staff_profile\"","timestamp":"2026-08-11T11:01:46.874Z","module":"staff_profile"}
{"level":"info","message":"Validated module \"staff_registry\"","timestamp":"2026-08-11T11:01:46.875Z","module":"staff_registry"}
{"level":"info","message":"Validated module \"student_profile\"","timestamp":"2026-08-11T11:01:46.875Z","module":"student_profile"}
{"level":"info","message":"Validated module \"student_registry\"","timestamp":"2026-08-11T11:01:46.876Z","module":"student_registry"}
{"level":"info","message":"Validated module \"test_composite\"","timestamp":"2026-08-11T11:01:46.877Z","module":"test_composite"}
{"level":"info","message":"9 module(s) validated","timestamp":"2026-08-11T11:01:46.877Z"}
{"level":"info","message":"Registering module \"builder\"","timestamp":"2026-08-11T11:01:46.877Z","module":"builder"}
{"level":"info","message":"Registered module \"builder\"","timestamp":"2026-08-11T11:01:46.879Z","module":"builder"}
{"level":"info","message":"Registering module \"inventory\"","timestamp":"2026-08-11T11:01:46.879Z","module":"inventory"}
{"level":"info","message":"Registered module \"inventory\"","timestamp":"2026-08-11T11:01:46.881Z","module":"inventory"}
{"level":"info","message":"Registering module \"room_registry\"","timestamp":"2026-08-11T11:01:46.881Z","module":"room_registry"}
{"level":"info","message":"Registered module \"room_registry\"","timestamp":"2026-08-11T11:01:46.894Z","module":"room_registry"}
{"level":"info","message":"Registering module \"school_analytics\"","timestamp":"2026-08-11T11:01:46.894Z","module":"school_analytics"}
{"level":"info","message":"Registered module \"school_analytics\"","timestamp":"2026-08-11T11:01:46.895Z","module":"school_analytics"}
{"level":"info","message":"Registering module \"staff_profile\"","timestamp":"2026-08-11T11:01:46.895Z","module":"staff_profile"}
{"level":"info","message":"Registered module \"staff_profile\"","timestamp":"2026-08-11T11:01:46.896Z","module":"staff_profile"}
{"level":"info","message":"Registering module \"staff_registry\"","timestamp":"2026-08-11T11:01:46.896Z","module":"staff_registry"}
{"level":"info","message":"Registered module \"staff_registry\"","timestamp":"2026-08-11T11:01:46.898Z","module":"staff_registry"}
{"level":"info","message":"Registering module \"student_profile\"","timestamp":"2026-08-11T11:01:46.898Z","module":"student_profile"}
{"level":"info","message":"Registered module \"student_profile\"","timestamp":"2026-08-11T11:01:46.898Z","module":"student_profile"}
{"level":"info","message":"Registering module \"student_registry\"","timestamp":"2026-08-11T11:01:46.898Z","module":"student_registry"}
{"level":"info","message":"Registered module \"student_registry\"","timestamp":"2026-08-11T11:01:46.900Z","module":"student_registry"}
{"level":"info","message":"Registering module \"test_composite\"","timestamp":"2026-08-11T11:01:46.900Z","module":"test_composite"}
{"level":"info","message":"Registered module \"test_composite\"","timestamp":"2026-08-11T11:01:46.901Z","module":"test_composite"}
{"level":"info","message":"9 module(s) registered","timestamp":"2026-08-11T11:01:46.901Z"}
{"level":"info","message":"Dependencies resolved","timestamp":"2026-08-11T11:01:46.902Z"}
{"level":"info","message":"Boot order: db -> cache -> auth -> log -> validate -> events -> builder -> inventory -> room_registry -> school_analytics -> staff_profile -> staff_registry -> student_profile -> student_registry -> test_composite","timestamp":"2026-08-11T11:01:46.902Z"}
{"level":"info","message":"Wiring module \"builder\"","timestamp":"2026-08-11T11:01:46.902Z","module":"builder"}
{"level":"info","message":"Wired module \"builder\"","timestamp":"2026-08-11T11:01:46.902Z","module":"builder"}
{"level":"info","message":"Wiring module \"inventory\"","timestamp":"2026-08-11T11:01:46.902Z","module":"inventory"}
{"level":"info","message":"Wired module \"inventory\"","timestamp":"2026-08-11T11:01:46.902Z","module":"inventory"}
{"level":"info","message":"Wiring module \"room_registry\"","timestamp":"2026-08-11T11:01:46.902Z","module":"room_registry"}
{"level":"info","message":"Wired module \"room_registry\"","timestamp":"2026-08-11T11:01:46.902Z","module":"room_registry"}
{"level":"info","message":"Wiring module \"school_analytics\"","timestamp":"2026-08-11T11:01:46.902Z","module":"school_analytics"}
{"level":"info","message":"Wired module \"school_analytics\"","timestamp":"2026-08-11T11:01:46.902Z","module":"school_analytics"}
{"level":"info","message":"Wiring module \"staff_profile\"","timestamp":"2026-08-11T11:01:46.902Z","module":"staff_profile"}
{"level":"info","message":"Wired module \"staff_profile\"","timestamp":"2026-08-11T11:01:46.902Z","module":"staff_profile"}
{"level":"info","message":"Wiring module \"staff_registry\"","timestamp":"2026-08-11T11:01:46.902Z","module":"staff_registry"}
{"level":"info","message":"Wired module \"staff_registry\"","timestamp":"2026-08-11T11:01:46.902Z","module":"staff_registry"}
{"level":"info","message":"Wiring module \"student_profile\"","timestamp":"2026-08-11T11:01:46.902Z","module":"student_profile"}
{"level":"info","message":"Wired module \"student_profile\"","timestamp":"2026-08-11T11:01:46.902Z","module":"student_profile"}
{"level":"info","message":"Wiring module \"student_registry\"","timestamp":"2026-08-11T11:01:46.902Z","module":"student_registry"}
{"level":"info","message":"Wired module \"student_registry\"","timestamp":"2026-08-11T11:01:46.902Z","module":"student_registry"}
{"level":"info","message":"Wiring module \"test_composite\"","timestamp":"2026-08-11T11:01:46.902Z","module":"test_composite"}
{"level":"info","message":"Wired module \"test_composite\"","timestamp":"2026-08-11T11:01:46.902Z","module":"test_composite"}
{"level":"info","message":"9 module(s) wired","timestamp":"2026-08-11T11:01:46.902Z"}
{"level":"info","message":"Registered component \"builder.dashboard\"","timestamp":"2026-08-11T11:01:46.905Z","component":"builder.dashboard","type":"generic","owner":"builder"}
{"level":"info","message":"Inferred component from capability","timestamp":"2026-08-11T11:01:46.905Z","component":"builder.dashboard","module":"builder","type":"generic"}
{"level":"info","message":"Registered component \"builder.scaffold\"","timestamp":"2026-08-11T11:01:46.905Z","component":"builder.scaffold","type":"generic","owner":"builder"}
{"level":"info","message":"Inferred component from capability","timestamp":"2026-08-11T11:01:46.905Z","component":"builder.scaffold","module":"builder","type":"generic"}
{"level":"info","message":"Registered component \"inventory.read\"","timestamp":"2026-08-11T11:01:46.905Z","component":"inventory.read","type":"inventory","owner":"inventory"}
{"level":"info","message":"Inferred component from capability","timestamp":"2026-08-11T11:01:46.905Z","component":"inventory.read","module":"inventory","type":"inventory"}
{"level":"info","message":"Registered component \"inventory.write\"","timestamp":"2026-08-11T11:01:46.906Z","component":"inventory.write","type":"inventory","owner":"inventory"}
{"level":"info","message":"Inferred component from capability","timestamp":"2026-08-11T11:01:46.906Z","component":"inventory.write","module":"inventory","type":"inventory"}
{"level":"info","message":"Registered component \"inventory_item.read\"","timestamp":"2026-08-11T11:01:46.906Z","component":"inventory_item.read","type":"inventory","owner":"inventory"}
{"level":"info","message":"Inferred component from capability","timestamp":"2026-08-11T11:01:46.906Z","component":"inventory_item.read","module":"inventory","type":"inventory"}
{"level":"info","message":"Registered component \"room.read\"","timestamp":"2026-08-11T11:01:46.906Z","component":"room.read","type":"allocation","owner":"room_registry"}
{"level":"info","message":"Inferred component from capability","timestamp":"2026-08-11T11:01:46.906Z","component":"room.read","module":"room_registry","type":"allocation"}
{"level":"info","message":"Registered component \"room.write\"","timestamp":"2026-08-11T11:01:46.906Z","component":"room.write","type":"allocation","owner":"room_registry"}
{"level":"info","message":"Inferred component from capability","timestamp":"2026-08-11T11:01:46.906Z","component":"room.write","module":"room_registry","type":"allocation"}
{"level":"info","message":"Registered component \"room_availability.read\"","timestamp":"2026-08-11T11:01:46.906Z","component":"room_availability.read","type":"allocation","owner":"room_registry"}
{"level":"info","message":"Inferred component from capability","timestamp":"2026-08-11T11:01:46.906Z","component":"room_availability.read","module":"room_registry","type":"allocation"}
{"level":"info","message":"Registered component \"analytics.read\"","timestamp":"2026-08-11T11:01:46.907Z","component":"analytics.read","type":"generic","owner":"school_analytics"}
{"level":"info","message":"Inferred component from capability","timestamp":"2026-08-11T11:01:46.907Z","component":"analytics.read","module":"school_analytics","type":"generic"}
{"level":"info","message":"Registered component \"insights.read\"","timestamp":"2026-08-11T11:01:46.907Z","component":"insights.read","type":"generic","owner":"school_analytics"}
{"level":"info","message":"Inferred component from capability","timestamp":"2026-08-11T11:01:46.907Z","component":"insights.read","module":"school_analytics","type":"generic"}
{"level":"info","message":"Registered component \"dashboard.read\"","timestamp":"2026-08-11T11:01:46.907Z","component":"dashboard.read","type":"generic","owner":"school_analytics"}
{"level":"info","message":"Inferred component from capability","timestamp":"2026-08-11T11:01:46.907Z","component":"dashboard.read","module":"school_analytics","type":"generic"}
{"level":"info","message":"Registered component \"staff_profile\"","timestamp":"2026-08-11T11:01:46.907Z","component":"staff_profile","type":"profile","owner":"staff_profile"}
{"level":"info","message":"Registered component from component.json","timestamp":"2026-08-11T11:01:46.907Z","component":"staff_profile","module":"staff_profile"}
{"level":"info","message":"Registered component \"staff.read\"","timestamp":"2026-08-11T11:01:46.907Z","component":"staff.read","type":"generic","owner":"staff_registry"}
{"level":"info","message":"Inferred component from capability","timestamp":"2026-08-11T11:01:46.907Z","component":"staff.read","module":"staff_registry","type":"generic"}
{"level":"info","message":"Registered component \"staff.write\"","timestamp":"2026-08-11T11:01:46.907Z","component":"staff.write","type":"generic","owner":"staff_registry"}
{"level":"info","message":"Inferred component from capability","timestamp":"2026-08-11T11:01:46.907Z","component":"staff.write","module":"staff_registry","type":"generic"}
{"level":"info","message":"Registered component \"staff_certifications.read\"","timestamp":"2026-08-11T11:01:46.907Z","component":"staff_certifications.read","type":"generic","owner":"staff_registry"}
{"level":"info","message":"Inferred component from capability","timestamp":"2026-08-11T11:01:46.908Z","component":"staff_certifications.read","module":"staff_registry","type":"generic"}
{"level":"info","message":"Registered component \"staff_certifications.write\"","timestamp":"2026-08-11T11:01:46.908Z","component":"staff_certifications.write","type":"generic","owner":"staff_registry"}
{"level":"info","message":"Inferred component from capability","timestamp":"2026-08-11T11:01:46.908Z","component":"staff_certifications.write","module":"staff_registry","type":"generic"}
{"level":"info","message":"Registered component \"student_profile\"","timestamp":"2026-08-11T11:01:46.908Z","component":"student_profile","type":"profile","owner":"student_profile"}
{"level":"info","message":"Registered component from component.json","timestamp":"2026-08-11T11:01:46.908Z","component":"student_profile","module":"student_profile"}
{"level":"info","message":"Registered component \"student.read\"","timestamp":"2026-08-11T11:01:46.908Z","component":"student.read","type":"generic","owner":"student_registry"}
{"level":"info","message":"Inferred component from capability","timestamp":"2026-08-11T11:01:46.908Z","component":"student.read","module":"student_registry","type":"generic"}
{"level":"info","message":"Registered component \"student.write\"","timestamp":"2026-08-11T11:01:46.908Z","component":"student.write","type":"generic","owner":"student_registry"}
{"level":"info","message":"Inferred component from capability","timestamp":"2026-08-11T11:01:46.908Z","component":"student.write","module":"student_registry","type":"generic"}
{"level":"info","message":"Registered component \"student_contacts.read\"","timestamp":"2026-08-11T11:01:46.908Z","component":"student_contacts.read","type":"generic","owner":"student_registry"}
{"level":"info","message":"Inferred component from capability","timestamp":"2026-08-11T11:01:46.908Z","component":"student_contacts.read","module":"student_registry","type":"generic"}
{"level":"info","message":"Registered component \"student_enrollment_history.read\"","timestamp":"2026-08-11T11:01:46.908Z","component":"student_enrollment_history.read","type":"generic","owner":"student_registry"}
{"level":"info","message":"Inferred component from capability","timestamp":"2026-08-11T11:01:46.908Z","component":"student_enrollment_history.read","module":"student_registry","type":"generic"}
{"level":"info","message":"Component scan complete","timestamp":"2026-08-11T11:01:46.909Z","count":21}
{"level":"info","message":"Discovered 21 component(s)","timestamp":"2026-08-11T11:01:46.909Z","components":[{"name":"builder.dashboard","module":"builder","type":"generic"},{"name":"builder.scaffold","module":"builder","type":"generic"},{"name":"inventory.read","module":"inventory","type":"inventory"},{"name":"inventory.write","module":"inventory","type":"inventory"},{"name":"inventory_item.read","module":"inventory","type":"inventory"},{"name":"room.read","module":"room_registry","type":"allocation"},{"name":"room.write","module":"room_registry","type":"allocation"},{"name":"room_availability.read","module":"room_registry","type":"allocation"},{"name":"analytics.read","module":"school_analytics","type":"generic"},{"name":"insights.read","module":"school_analytics","type":"generic"},{"name":"dashboard.read","module":"school_analytics","type":"generic"},{"name":"staff_profile","module":"staff_profile","type":"profile"},{"name":"staff.read","module":"staff_registry","type":"generic"},{"name":"staff.write","module":"staff_registry","type":"generic"},{"name":"staff_certifications.read","module":"staff_registry","type":"generic"},{"name":"staff_certifications.write","module":"staff_registry","type":"generic"},{"name":"student_profile","module":"student_profile","type":"profile"},{"name":"student.read","module":"student_registry","type":"generic"},{"name":"student.write","module":"student_registry","type":"generic"},{"name":"student_contacts.read","module":"student_registry","type":"generic"},{"name":"student_enrollment_history.read","module":"student_registry","type":"generic"}]}
{"level":"info","message":"Booting module \"builder\"","timestamp":"2026-08-11T11:01:46.909Z","module":"builder","version":"1.0.0"}
{"level":"info","message":"builder booting","timestamp":"2026-08-11T11:01:46.909Z","module":"builder"}
{"level":"info","message":"Module \"builder\" booted successfully","timestamp":"2026-08-11T11:01:46.909Z","module":"builder"}
{"level":"info","message":"Booting module \"inventory\"","timestamp":"2026-08-11T11:01:46.909Z","module":"inventory","version":"1.0.0"}
{"level":"info","message":"inventory booting","timestamp":"2026-08-11T11:01:46.909Z","module":"inventory"}
{"level":"info","message":"Module \"inventory\" booted successfully","timestamp":"2026-08-11T11:01:46.909Z","module":"inventory"}
{"level":"info","message":"Booting module \"room_registry\"","timestamp":"2026-08-11T11:01:46.909Z","module":"room_registry","version":"1.0.0"}
{"level":"info","message":"room_registry booting","timestamp":"2026-08-11T11:01:46.909Z","module":"room_registry"}
{"level":"info","message":"Module \"room_registry\" booted successfully","timestamp":"2026-08-11T11:01:46.910Z","module":"room_registry"}
{"level":"info","message":"Booting module \"school_analytics\"","timestamp":"2026-08-11T11:01:46.910Z","module":"school_analytics","version":"1.0.0"}
{"level":"info","message":"school_analytics booting","timestamp":"2026-08-11T11:01:46.910Z","module":"school_analytics"}
{"level":"info","message":"Module \"school_analytics\" booted successfully","timestamp":"2026-08-11T11:01:46.910Z","module":"school_analytics"}
{"level":"info","message":"Booting module \"staff_profile\"","timestamp":"2026-08-11T11:01:46.910Z","module":"staff_profile","version":"1.0.0"}
{"level":"info","message":"staff_profile booting","timestamp":"2026-08-11T11:01:46.910Z","module":"staff_profile"}
{"level":"info","message":"Module \"staff_profile\" booted successfully","timestamp":"2026-08-11T11:01:46.910Z","module":"staff_profile"}
{"level":"info","message":"Booting module \"staff_registry\"","timestamp":"2026-08-11T11:01:46.910Z","module":"staff_registry","version":"1.0.0"}
{"level":"info","message":"staff_registry booting","timestamp":"2026-08-11T11:01:46.910Z","module":"staff_registry"}
{"level":"info","message":"Module \"staff_registry\" booted successfully","timestamp":"2026-08-11T11:01:46.910Z","module":"staff_registry"}
{"level":"info","message":"Booting module \"student_profile\"","timestamp":"2026-08-11T11:01:46.910Z","module":"student_profile","version":"1.0.0"}
{"level":"info","message":"student_profile booting","timestamp":"2026-08-11T11:01:46.910Z","module":"student_profile"}
{"level":"info","message":"Module \"student_profile\" booted successfully","timestamp":"2026-08-11T11:01:46.910Z","module":"student_profile"}
{"level":"info","message":"Booting module \"student_registry\"","timestamp":"2026-08-11T11:01:46.910Z","module":"student_registry","version":"1.0.0"}
{"level":"info","message":"student_registry booting","timestamp":"2026-08-11T11:01:46.910Z","module":"student_registry"}
{"level":"info","message":"Module \"student_registry\" booted successfully","timestamp":"2026-08-11T11:01:46.910Z","module":"student_registry"}
{"level":"info","message":"Booting module \"test_composite\"","timestamp":"2026-08-11T11:01:46.910Z","module":"test_composite","version":"1.0.0"}
{"level":"info","message":"test_composite booting","timestamp":"2026-08-11T11:01:46.910Z","module":"test_composite"}
{"level":"info","message":"Module \"test_composite\" booted successfully","timestamp":"2026-08-11T11:01:46.910Z","module":"test_composite"}
{"level":"info","message":"Boot results: 9 booted, 0 failed","timestamp":"2026-08-11T11:01:46.910Z"}
{"level":"info","message":"=== Platform Boot Complete ===","timestamp":"2026-08-11T11:01:46.910Z"}
{"level":"info","message":"HTTP server listening on port 3000","timestamp":"2026-08-11T11:01:46.913Z"}
